// Jest Snapshot v1, https://goo.gl/fbAQLP

exports[`<OptForm /> renders the <OptForm /> with populated data 1`] = `
<div
  class="opt-form__Container-sc-wdq7id-0 knOA-dM"
>
  <input
    class="opt-form__Input-sc-wdq7id-1 dXDmYt"
    placeholder="Email address"
  />
  <button
    class="opt-form__Button-sc-wdq7id-3 ozWKX"
  >
    Try it now
     
    <img
      alt="Try Now"
      src="/images/icons/chevron-right.png"
    />
  </button>
  <div
    class="opt-form__Break-sc-wdq7id-2 dXJXwo"
  />
  <p
    class="opt-form__Text-sc-wdq7id-4 higSdp"
  >
    Ready to watch? Enter your email to create or restart your membership.
  </p>
</div>
`;
